The following error occured while connecting to:
http://localhost:2609/Home/Index
Error:
The remote server returned an error: (401) Unauthorized.